192.168.0.0 - - [08/Sep/2012:11:16:02 +0200] "GET A" 200 12106 "B" "Mozilla/5.0 (Windows NT 6.1; WOW64; rv:14.0) Gecko/20100101 Firefox/14.0.1"
192.168.0.0 - - [08/Sep/2012:11:16:02 +0200] "GET B" 200 12106 "C" "Mozilla/5.0 (Windows NT 6.1; WOW64; rv:14.0) Gecko/20100101 Firefox/14.0.1"
192.168.0.0 - - [09/Sep/2012:11:16:02 +0200] "GET A" 200 12106 "B" "Mozilla/5.0 (Windows NT 6.1; WOW64; rv:14.0) Gecko/20100101 Firefox/14.0.1"
192.168.0.0 - - [10/Sep/2012:11:16:02 +0200] "GET A" 200 12106 "B" "Mozilla/5.0 (Windows NT 6.1; WOW64; rv:14.0) Gecko/20100101 Firefox/14.0.1"
192.168.0.0 - - [08/Sep/2012:11:16:02 +0200] "GET B" 200 12106 "C" "Mozilla/5.0 (Windows NT 6.1; WOW64; rv:14.0) Gecko/20100101 Firefox/14.0.1"
